// Jest Snapshot v1, https://goo.gl/fbAQLP

exports[`color-adjuster.css 1`] = `
.foo {
    color: color(red l(+ 20%));
    color: color(red w(+ 20%) s(+ 20%));
    color: color(swopc, 0 206 190 77);
    color: color(indigo, 24 160 86 42 0 18 31);
    color: color(prophoto, 233 150 122);
    color: color(P3, 97 253 36);
    color: color(#eb8fa9 alpha(75%) blackness(20%));

    color: color-mod(red blue(20));
    color: color-mod(red blue(20%));
    color: color-mod(red green(+ 20));
    color: color-mod(red green(+ 20%));
    color: color-mod(red red(- 20));
    color: color-mod(red red(- 20%));
    color: color-mod(red red(- 128));
    color: color-mod(red alpha(- 50%));
    color: color-mod(red alpha(- .75));
    color: color-mod(red rgb(+ 0 255 0));
    color: color-mod(red rgb(+ #0f0));
    color: color-mod(red rgb(- 60% 0 0));
    color: color-mod(red rgb(- #900));
    color: color-mod(rebeccapurple rgb(* 1%));
    color: color-mod(red hue(20));
    color: color-mod(red hue(20deg));
    color: color-mod(red hue(+ 20));
    color: color-mod(red hue(+ 20deg));
    color: color-mod(red hue(- 20));
    color: color-mod(red hue(- 20deg));
    color: color-mod(red hue(* 20));
    color: color-mod(red hue(* 20deg));
    color: color-mod(red lightness(50%));
    color: color-mod(red lightness(20%));
    color: color-mod(red lightness(+ 20%));
    color: color-mod(red lightness(- 20%));
    color: color-mod(red lightness(* 1.5%));
    color: color-mod(beige saturation(20%));
    color: color-mod(beige saturation(+ 20%));
    color: color-mod(beige saturation(- 20%));
    color: color-mod(beige saturation(* 1.5%));
    color: color-mod(beige blackness(20%));
    color: color-mod(beige blackness(+ 20%));
    color: color-mod(beige blackness(- 1%));
    color: color-mod(beige blackness(* 20%));
    color: color-mod(beige whiteness(20%));
    color: color-mod(beige whiteness(+ 1%));
    color: color-mod(beige whiteness(- 20%));
    color: color-mod(beige whiteness(* .5%));
    color: color-mod(red);
    color: color-mod(red tint(0%));
    color: color-mod(red shade(0%));
    color: color-mod(red tint(100%));
    color: color-mod(red shade(100%));
    color: color-mod(red tint(20%));
    color: color-mod(red shade(20%));
    color: color-mod(yellow blend(red 50%));
    color: color-mod(yellow blend(red 50% rgb));
    color: color-mod(yellow blend(red 50% hsl));
    color: color-mod(yellow blend(red 50% hwb));
    color: color-mod(#937b19 contrast(25%));
    color: color-mod(hotpink blend(yellow 59%));
    color: color-mod(red);
    color: color-mod(color-mod(red));
    color: color-mod(color-mod(color-mod(red)));
    color: color-mod(#f00);
    color: color-mod(#f00f);
    color: color-mod(#ff0000);
    color: color-mod(#ff0000ff);
    color: color-mod(rgb(100% 0% 0%));
    color: color-mod(rgb(100% 0% 0% / 100%));
    color: color-mod(rgb(255, 0, 0));
    color: color-mod(rgb(255, 0, 0, 1));
    color: color-mod(rgba(255, 0, 0, 1));
    color: color-mod(hsl(0 100% 50%));
    color: color-mod(hsl(0 100% 50% / 100%));
    color: color-mod(hsl(0, 100%, 50%));
    color: color-mod(hsl(0, 100%, 50%, 1));
    color: color-mod(hsla(0, 100%, 50%, 1));
    color: color-mod(hwb(0 0 0));
    color: color-mod(hwb(0 0% 0%));
    color: color-mod(hwb(0 0% 0% / 100%));
    color: color-mod(0);
    color: color-mod(0deg);
    color: color-mod(0grad);
    color: color-mod(0rad);
    color: color-mod(beige);
    color: color-mod(beige hue(+ 0deg));
    color: color-mod(beige saturation(+ 0%));
    color: color-mod(beige lightness(+ 0%));
    color: color-mod(beige alpha(1));
    color: color-mod(beige alpha(+ 0));
    color: color-mod(beige alpha(+ 0%));
    color: color-mod(beige blend(beige 0% hsl));
    color: color-mod(red);
    color: color-mod(red tint(0%));
    color: color-mod(red shade(0%));
    color: color-mod(red tint(100%));
    color: color-mod(red shade(100%));
    color: color-mod(red tint(20%));
    color: color-mod(red shade(20%));
    color: color-mod(yellow blend(red 50%));
    color: color-mod(yellow blend(red 50% rgb));
    color: color-mod(yellow blend(red 50% hsl));
    color: color-mod(yellow blend(red 50% hwb));
    color: color-mod(yellow contrast(0%));
    color: color-mod(yellow contrast(25%));
    color: color-mod(yellow contrast(50%));
    color: color-mod(yellow contrast(75%));
    color: color-mod(yellow contrast(100%));
    color: color-mod(color-mod(0deg blue(10%)) rgb(+ 0 10 0) hue(+ 10deg) tint(10%) lightness(+ 10%) saturation(+ 10%) blend(rebeccapurple 50%));
    color: color-mod(var(--color));
}
~~~~~~~~~~~~~~~~~~~~~~~~~~~~~~~~~~~~~~~~~~~~~~~~~~~~~~~~~~~~~~~~~~~~~~~~~~~~~~~~
.foo {
  color: color(red l(+20%));
  color: color(red w(+20%) s(+20%));
  color: color(swopc, 0 206 190 77);
  color: color(indigo, 24 160 86 42 0 18 31);
  color: color(prophoto, 233 150 122);
  color: color(P3, 97 253 36);
  color: color(#eb8fa9 alpha(75%) blackness(20%));

  color: color-mod(red blue(20));
  color: color-mod(red blue(20%));
  color: color-mod(red green(+20));
  color: color-mod(red green(+20%));
  color: color-mod(red red(-20));
  color: color-mod(red red(-20%));
  color: color-mod(red red(-128));
  color: color-mod(red alpha(-50%));
  color: color-mod(red alpha(-0.75));
  color: color-mod(red rgb(+0 255 0));
  color: color-mod(red rgb(+ #0f0));
  color: color-mod(red rgb(-60% 0 0));
  color: color-mod(red rgb(-#900));
  color: color-mod(rebeccapurple rgb(* 1%));
  color: color-mod(red hue(20));
  color: color-mod(red hue(20deg));
  color: color-mod(red hue(+20));
  color: color-mod(red hue(+20deg));
  color: color-mod(red hue(-20));
  color: color-mod(red hue(-20deg));
  color: color-mod(red hue(* 20));
  color: color-mod(red hue(* 20deg));
  color: color-mod(red lightness(50%));
  color: color-mod(red lightness(20%));
  color: color-mod(red lightness(+20%));
  color: color-mod(red lightness(-20%));
  color: color-mod(red lightness(* 1.5%));
  color: color-mod(beige saturation(20%));
  color: color-mod(beige saturation(+20%));
  color: color-mod(beige saturation(-20%));
  color: color-mod(beige saturation(* 1.5%));
  color: color-mod(beige blackness(20%));
  color: color-mod(beige blackness(+20%));
  color: color-mod(beige blackness(-1%));
  color: color-mod(beige blackness(* 20%));
  color: color-mod(beige whiteness(20%));
  color: color-mod(beige whiteness(+1%));
  color: color-mod(beige whiteness(-20%));
  color: color-mod(beige whiteness(* 0.5%));
  color: color-mod(red);
  color: color-mod(red tint(0%));
  color: color-mod(red shade(0%));
  color: color-mod(red tint(100%));
  color: color-mod(red shade(100%));
  color: color-mod(red tint(20%));
  color: color-mod(red shade(20%));
  color: color-mod(yellow blend(red 50%));
  color: color-mod(yellow blend(red 50% rgb));
  color: color-mod(yellow blend(red 50% hsl));
  color: color-mod(yellow blend(red 50% hwb));
  color: color-mod(#937b19 contrast(25%));
  color: color-mod(hotpink blend(yellow 59%));
  color: color-mod(red);
  color: color-mod(color-mod(red));
  color: color-mod(color-mod(color-mod(red)));
  color: color-mod(#f00);
  color: color-mod(#f00f);
  color: color-mod(#ff0000);
  color: color-mod(#ff0000ff);
  color: color-mod(rgb(100% 0% 0%));
  color: color-mod(rgb(100% 0% 0% / 100%));
  color: color-mod(rgb(255, 0, 0));
  color: color-mod(rgb(255, 0, 0, 1));
  color: color-mod(rgba(255, 0, 0, 1));
  color: color-mod(hsl(0 100% 50%));
  color: color-mod(hsl(0 100% 50% / 100%));
  color: color-mod(hsl(0, 100%, 50%));
  color: color-mod(hsl(0, 100%, 50%, 1));
  color: color-mod(hsla(0, 100%, 50%, 1));
  color: color-mod(hwb(0 0 0));
  color: color-mod(hwb(0 0% 0%));
  color: color-mod(hwb(0 0% 0% / 100%));
  color: color-mod(0);
  color: color-mod(0deg);
  color: color-mod(0grad);
  color: color-mod(0rad);
  color: color-mod(beige);
  color: color-mod(beige hue(+0deg));
  color: color-mod(beige saturation(+0%));
  color: color-mod(beige lightness(+0%));
  color: color-mod(beige alpha(1));
  color: color-mod(beige alpha(+0));
  color: color-mod(beige alpha(+0%));
  color: color-mod(beige blend(beige 0% hsl));
  color: color-mod(red);
  color: color-mod(red tint(0%));
  color: color-mod(red shade(0%));
  color: color-mod(red tint(100%));
  color: color-mod(red shade(100%));
  color: color-mod(red tint(20%));
  color: color-mod(red shade(20%));
  color: color-mod(yellow blend(red 50%));
  color: color-mod(yellow blend(red 50% rgb));
  color: color-mod(yellow blend(red 50% hsl));
  color: color-mod(yellow blend(red 50% hwb));
  color: color-mod(yellow contrast(0%));
  color: color-mod(yellow contrast(25%));
  color: color-mod(yellow contrast(50%));
  color: color-mod(yellow contrast(75%));
  color: color-mod(yellow contrast(100%));
  color: color-mod(
    color-mod(0deg blue(10%)) rgb(+0 10 0) hue(+10deg) tint(10%) lightness(+10%)
      saturation(+10%) blend(rebeccapurple 50%)
  );
  color: color-mod(var(--color));
}

`;

exports[`current-color.css 1`] = `
.foo {
    border: 1px dashed currentColor;
    border: 1px dashed currentcolor;
}
~~~~~~~~~~~~~~~~~~~~~~~~~~~~~~~~~~~~~~~~~~~~~~~~~~~~~~~~~~~~~~~~~~~~~~~~~~~~~~~~
.foo {
  border: 1px dashed currentColor;
  border: 1px dashed currentcolor;
}

`;

exports[`functional-syntax.css 1`] = `
.foo {
    color: rgb(255, 0, 153);
    color: rgb(100%, 0%, 60%);
    color: rgba(51, 170, 51, 0.1);
    color: hsl(.75turn, 60%, 70%);
    color: hsl(270 60% 50% / .15);
    color: hsla(240, 100%, 50%, .05)
}
~~~~~~~~~~~~~~~~~~~~~~~~~~~~~~~~~~~~~~~~~~~~~~~~~~~~~~~~~~~~~~~~~~~~~~~~~~~~~~~~
.foo {
  color: rgb(255, 0, 153);
  color: rgb(100%, 0%, 60%);
  color: rgba(51, 170, 51, 0.1);
  color: hsl(0.75turn, 60%, 70%);
  color: hsl(270 60% 50% / 0.15);
  color: hsla(240, 100%, 50%, 0.05);
}

`;

exports[`hexcolor.css 1`] = `
.foo {
    color: #AAA;
    -o-color: #fabcd3;
    -webkit-color: #873;
    -moz-color: #6bcdef;
    -ms-color: #AAbbCC;
    color: #F09F;
    color: #FF0099FF;
}
~~~~~~~~~~~~~~~~~~~~~~~~~~~~~~~~~~~~~~~~~~~~~~~~~~~~~~~~~~~~~~~~~~~~~~~~~~~~~~~~
.foo {
  color: #aaa;
  -o-color: #fabcd3;
  -webkit-color: #873;
  -moz-color: #6bcdef;
  -ms-color: #aabbcc;
  color: #f09f;
  color: #ff0099ff;
}

`;

exports[`whitespace-syntax.css 1`] = `
.foo {
    color: rgba(51 170 51 / 0.4);
    color: rgba(51 170 51 / 40%);
    color: hsl(270 60% 50% / .15);
    color: hsla(240 100% 50% / .05);
    color: hsla(240 100% 50% / 5%);
}
~~~~~~~~~~~~~~~~~~~~~~~~~~~~~~~~~~~~~~~~~~~~~~~~~~~~~~~~~~~~~~~~~~~~~~~~~~~~~~~~
.foo {
  color: rgba(51 170 51 / 0.4);
  color: rgba(51 170 51 / 40%);
  color: hsl(270 60% 50% / 0.15);
  color: hsla(240 100% 50% / 0.05);
  color: hsla(240 100% 50% / 5%);
}

`;
